Program (1)
  ExtDefList (1)
    ExtDef (1)
      Specifier (1)
        StructSpecifier (1)
          STRUCT
          ID: struct_correct_3
          LC
          DefList (3)
            Def (3)
              Specifier (3)
                TYPE: int
              DecList (3)
                Dec (3)
                  VarDec (3)
                    ID: x
              SEMI
            DefList (4)
              Def (4)
                Specifier (4)
                  TYPE: char
                DecList (4)
                  Dec (4)
                    VarDec (4)
                      ID: y
                SEMI
          RC
      SEMI
    ExtDefList (7)
      ExtDef (7)
        Specifier (7)
          TYPE: int
        FunDec (7)
          ID: test_correct_3
          LP
          RP
        CompSt (8)
          LC
          DefList (9)
            Def (9)
              Specifier (9)
                StructSpecifier (9)
                  STRUCT
                  ID: struct_correct_3
              DecList (9)
                Dec (9)
                  VarDec (9)
                    ID: object
              SEMI
          StmtList (10)
            Stmt (10)
              Exp (10)
                Exp (10)
                  Exp (10)
                    ID: object
                  DOT
                  ID: x
                ASSIGN
                Exp (10)
                  Exp (10)
                    Exp (10)
                      ID: object
                    DOT
                    ID: y
                  ASSIGN
                  Exp (10)
                    INT: 1
              SEMI
          RC
