Program (1)
  ExtDefList (1)
    ExtDef (1)
      Specifier (1)
        TYPE: int
      FunDec (1)
        ID: test_correct_1
        LP
        VarList (1)
          ParamDec (1)
            Specifier (1)
              TYPE: int
            VarDec (1)
              ID: a
        RP
      CompSt (2)
        LC
        DefList (3)
          Def (3)
            Specifier (3)
              TYPE: int
            DecList (3)
              Dec (3)
                VarDec (3)
                  ID: b
                ASSIGN
                Exp (3)
                  CHAR: 'd'
            SEMI
        StmtList (4)
          Stmt (4)
            Exp (4)
              Exp (4)
                ID: a
              ASSIGN
              Exp (4)
                CHAR: 'c'
            SEMI
          StmtList (5)
            Stmt (5)
              WHILE
              LP
              Exp (5)
                Exp (5)
                  ID: a
                LT
                Exp (5)
                  ID: b
              RP
              Stmt (6)
                CompSt (6)
                  LC
                  StmtList (7)
                    Stmt (7)
                      Exp (7)
                        Exp (7)
                          ID: a
                        ASSIGN
                        Exp (7)
                          Exp (7)
                            ID: a
                          PLUS
                          Exp (7)
                            INT: 1
                      SEMI
                  RC
        RC
