Error type B at Line 2: Missing semicolon ';'
Error type B at Line 4: Missing semicolon ';'
